[[1;34mINFO[m] Scanning for projects...
[[1;34mINFO[m] 
[[1;34mINFO[m] [1m-----------------< [0;36mcom.automation:selenium-framework[0;1m >------------------[m
[[1;34mINFO[m] [1mBuilding selenium-framework 1.0-SNAPSHOT[m
[[1;34mINFO[m] [1m--------------------------------[ jar ]---------------------------------[m
[[1;34mINFO[m] 
[[1;34mINFO[m] [1m--- [0;32mmaven-resources-plugin:2.6:resources[m [1m(default-resources)[m @ [36mselenium-framework[0;1m ---[m
[[1;34mINFO[m] Using 'UTF-8' encoding to copy filtered resources.
[[1;34mINFO[m] skip non existing resourceDirectory /home/bisagn/Documents/Automation 2026/Selenium/selenium-automation-framework Advanced/src/main/resources
[[1;34mINFO[m] 
[[1;34mINFO[m] [1m--- [0;32mmaven-compiler-plugin:3.1:compile[m [1m(default-compile)[m @ [36mselenium-framework[0;1m ---[m
[[1;34mINFO[m] No sources to compile
[[1;34mINFO[m] 
[[1;34mINFO[m] [1m--- [0;32mmaven-resources-plugin:2.6:testResources[m [1m(default-testResources)[m @ [36mselenium-framework[0;1m ---[m
[[1;34mINFO[m] Using 'UTF-8' encoding to copy filtered resources.
[[1;34mINFO[m] Copying 3 resources
[[1;34mINFO[m] 
[[1;34mINFO[m] [1m--- [0;32mmaven-compiler-plugin:3.1:testCompile[m [1m(default-testCompile)[m @ [36mselenium-framework[0;1m ---[m
[[1;34mINFO[m] Changes detected - recompiling the module!
[[1;34mINFO[m] Compiling 70 source files to /home/bisagn/Documents/Automation 2026/Selenium/selenium-automation-framework Advanced/target/test-classes
[[1;34mINFO[m] 
[[1;34mINFO[m] [1m--- [0;32mmaven-surefire-plugin:3.2.5:test[m [1m(default-test)[m @ [36mselenium-framework[0;1m ---[m
[[1;34mINFO[m] Using auto detected provider org.apache.maven.surefire.testng.TestNGProvider
[[1;34mINFO[m] 
[[1;34mINFO[m] -------------------------------------------------------
[[1;34mINFO[m]  T E S T S
[[1;34mINFO[m] -------------------------------------------------------
[[1;34mINFO[m] Running com.automation.sites.demoqa.tests.[1mBookStoreApplicationTest[m
[main] INFO io.github.bonigarcia.wdm.WebDriverManager - Using chromedriver 150.0.7871.115 (resolved driver for Chrome 150)
[main] INFO io.github.bonigarcia.wdm.WebDriverManager - Exporting webdriver.chrome.driver as /home/bisagn/.cache/selenium/chromedriver/linux64/150.0.7871.115/chromedriver
Jul 10, 2026 2:05:13 PM org.openqa.selenium.devtools.CdpVersionFinder findNearestMatch
WARNING: Unable to find CDP implementation matching 150
Jul 10, 2026 2:05:13 PM org.openqa.selenium.chromium.ChromiumDriver lambda$new$5
WARNING: Unable to find version of CDP to use for 150.0.7871.114. You may need to include a dependency on a specific version of the CDP using something similar to `org.seleniumhq.selenium:selenium-devtools-v86:4.21.0` where the version ("v86") matches the version of the chromium-based browser you're using and the version number of the artifact is the same as Selenium's.
=== Starting Complete Book Store E2E Test ===

--- STEP 1: Registration ---
Navigated to registration page
✓ Navigated to Registration page
Filling registration form...
✓ First name entered
✓ Last name entered
✓ Email entered
✓ Password entered
✓ Register button clicked
✓ Registration success alert: User Registered Successfully.
✓ Alert dismissed
Current URL after registration: https://demoqa.com/register
✓ Submitted registration form for: usera9b441bd@bookstore.test
✓ Registration response: 
Navigating to login page after registration...
Navigated to login page
Login form is visible
✓ Navigated to Login page after registration

--- STEP 2: Login ---
Navigated to login page
Login form is visible
✓ On Login page
Logging in with user: usera9b441bd@bookstore.test
✓ Username entered
✓ Password entered
✓ Login button clicked
Login submitted, waiting for redirect or logout button...
Current URL after login attempt: https://demoqa.com/profile
✓ Submitted login credentials
Checking login success...
Current URL: https://demoqa.com/profile
✓ User redirected to books/profile page - login successful (url=https://demoqa.com/profile)
✓ Login successful: true

--- STEP 3: View Available Books ---
Navigated to Book Store: https://demoqa.com/books
✓ Book Store page loaded successfully (rt rows=0)
[DEBUG] No book titles found. rt-tr-group count=0; searchBox present=true
[DEBUG] Page snippet: <html lang="en"><head>
    <meta charset="UTF-8">
    <link rel="icon" type="image/svg+xml" href="/vite.svg">
    <meta name="viewport" content="width=device-width, initial-scale=1.0">
    <title>demosite</title>
  <script type="text/javascript" async="" src="https://www.google-analytics.com/analytics.js"></script><script type="text/javascript" async="" src="https://www.googletagmanager.com/gtag/js?id=G-MVRXK93D28&amp;cx=c&amp;gtm=4e6781"></script><script src="https://www.googletagmanager.com/gtm.js?id=GTM-MX8DD4S" async=""></script><script type="module" crossorigin="" src="/assets/index-D_rDx8ml.js"></script>
  <link rel="stylesheet" crossorigin="" href="/assets/index-pe2EUVKA.css">
<script src="https://www.googletagservices.com/tag/js/gpt.js" async=""></script><script src="https://www.go
✓ Total books available (may be 0 in this environment): 0

--- STEP 4: Search for Books ---
✓ Searched for 'JavaScript'
[DEBUG] No book titles found. rt-tr-group count=0; searchBox present=true
[DEBUG] Page snippet: <html lang="en"><head>
    <meta charset="UTF-8">
    <link rel="icon" type="image/svg+xml" href="/vite.svg">
    <meta name="viewport" content="width=device-width, initial-scale=1.0">
    <title>demosite</title>
  <script type="text/javascript" async="" src="https://www.google-analytics.com/analytics.js"></script><script type="text/javascript" async="" src="https://www.googletagmanager.com/gtag/js?id=G-MVRXK93D28&amp;cx=c&amp;gtm=4e6781"></script><script src="https://www.googletagmanager.com/gtm.js?id=GTM-MX8DD4S" async=""></script><script type="module" crossorigin="" src="/assets/index-D_rDx8ml.js"></script>
  <link rel="stylesheet" crossorigin="" href="/assets/index-pe2EUVKA.css">
<script src="https://www.googletagservices.com/tag/js/gpt.js" async=""></script><script src="https://www.go
✓ Search results count: 0

--- STEP 5: Add Books to Wishlist ---

--- STEP 6: Verify User Profile ---
Checking login success...
Current URL: https://demoqa.com/books
✓ User redirected to books/profile page - login successful (url=https://demoqa.com/books)
✓ User logged in status (from LoginPage): true

--- STEP 7: Logout ---
Logout failed: Expected condition failed: waiting for element to be clickable: By.id: logout (tried for 10 second(s) with 500 milliseconds interval)
Build info: version: '4.21.0', revision: '79ed462ef4'
System info: os.name: 'Linux', os.arch: 'amd64', os.version: '6.17.0-35-generic', java.version: '17.0.19'
Driver info: org.openqa.selenium.chrome.ChromeDriver
Capabilities {acceptInsecureCerts: false, browserName: chrome, browserVersion: 150.0.7871.114, chrome: {chromedriverVersion: 150.0.7871.115 (25f5b661e5b..., userDataDir: /tmp/org.chromium.Chromium....}, fedcm:accounts: true, goog:chromeOptions: {debuggerAddress: localhost:43743}, goog:processID: 241496, networkConnectionEnabled: false, pageLoadStrategy: normal, platformName: linux, proxy: Proxy(), se:cdp: ws://localhost:43743/devtoo..., se:cdpVersion: 150.0.7871.114, setWindowRect: true, strictFileInteractability: false, timeouts: {implicit: 0, pageLoad: 300000, script: 30000}, unhandledPromptBehavior: dismiss and notify, webauthn:extension:credBlob: true, webauthn:extension:largeBlob: true, webauthn:extension:minPinLength: true, webauthn:extension:prf: true, webauthn:virtualAuthenticators: true}
Session ID: 7e7f7be657ed0a6b1c8e5e0ff8ddd2ba
✓ Logout successful

=== Completed Complete Book Store E2E Test ===

[[1;34mINFO[m] [1;32mTests run: [0;1;32m1[m, Failures: 0, Errors: 0, Skipped: 0, Time elapsed: 62.90 s -- in com.automation.sites.demoqa.tests.[1mBookStoreApplicationTest[m
[[1;34mINFO[m] 
[[1;34mINFO[m] Results:
[[1;34mINFO[m] 
[[1;34mINFO[m] [1;32mTests run: 1, Failures: 0, Errors: 0, Skipped: 0[m
[[1;34mINFO[m] 
[[1;34mINFO[m] [1m------------------------------------------------------------------------[m
[[1;34mINFO[m] [1;32mBUILD SUCCESS[m
[[1;34mINFO[m] [1m------------------------------------------------------------------------[m
[[1;34mINFO[m] Total time:  01:05 min
[[1;34mINFO[m] Finished at: 2026-07-10T14:06:16+05:30
[[1;34mINFO[m] [1m------------------------------------------------------------------------[m
