[[1;34mINFO[m] Scanning for projects...
[[1;34mINFO[m] 
[[1;34mINFO[m] [1m-----------------< [0;36mcom.automation:selenium-framework[0;1m >------------------[m
[[1;34mINFO[m] [1mBuilding selenium-framework 1.0-SNAPSHOT[m
[[1;34mINFO[m] [1m--------------------------------[ jar ]---------------------------------[m
[[1;34mINFO[m] 
[[1;34mINFO[m] [1m--- [0;32mmaven-resources-plugin:2.6:resources[m [1m(default-resources)[m @ [36mselenium-framework[0;1m ---[m
[[1;34mINFO[m] Using 'UTF-8' encoding to copy filtered resources.
[[1;34mINFO[m] skip non existing resourceDirectory /home/bisagn/Documents/Automation 2026/Selenium/selenium-automation-framework Advanced/src/main/resources
[[1;34mINFO[m] 
[[1;34mINFO[m] [1m--- [0;32mmaven-compiler-plugin:3.1:compile[m [1m(default-compile)[m @ [36mselenium-framework[0;1m ---[m
[[1;34mINFO[m] No sources to compile
[[1;34mINFO[m] 
[[1;34mINFO[m] [1m--- [0;32mmaven-resources-plugin:2.6:testResources[m [1m(default-testResources)[m @ [36mselenium-framework[0;1m ---[m
[[1;34mINFO[m] Using 'UTF-8' encoding to copy filtered resources.
[[1;34mINFO[m] Copying 3 resources
[[1;34mINFO[m] 
[[1;34mINFO[m] [1m--- [0;32mmaven-compiler-plugin:3.1:testCompile[m [1m(default-testCompile)[m @ [36mselenium-framework[0;1m ---[m
[[1;34mINFO[m] Changes detected - recompiling the module!
[[1;34mINFO[m] Compiling 70 source files to /home/bisagn/Documents/Automation 2026/Selenium/selenium-automation-framework Advanced/target/test-classes
[[1;34mINFO[m] 
[[1;34mINFO[m] [1m--- [0;32mmaven-surefire-plugin:3.2.5:test[m [1m(default-test)[m @ [36mselenium-framework[0;1m ---[m
[[1;34mINFO[m] Using auto detected provider org.apache.maven.surefire.testng.TestNGProvider
[[1;34mINFO[m] 
[[1;34mINFO[m] -------------------------------------------------------
[[1;34mINFO[m]  T E S T S
[[1;34mINFO[m] -------------------------------------------------------
[[1;34mINFO[m] Running com.automation.sites.demoqa.tests.[1mBookStoreApplicationTest[m
[main] INFO io.github.bonigarcia.wdm.WebDriverManager - Using chromedriver 150.0.7871.115 (resolved driver for Chrome 150)
[main] INFO io.github.bonigarcia.wdm.WebDriverManager - Exporting webdriver.chrome.driver as /home/bisagn/.cache/selenium/chromedriver/linux64/150.0.7871.115/chromedriver
Jul 10, 2026 1:50:44 PM org.openqa.selenium.devtools.CdpVersionFinder findNearestMatch
WARNING: Unable to find CDP implementation matching 150
Jul 10, 2026 1:50:44 PM org.openqa.selenium.chromium.ChromiumDriver lambda$new$5
WARNING: Unable to find version of CDP to use for 150.0.7871.114. You may need to include a dependency on a specific version of the CDP using something similar to `org.seleniumhq.selenium:selenium-devtools-v86:4.21.0` where the version ("v86") matches the version of the chromium-based browser you're using and the version number of the artifact is the same as Selenium's.
=== Starting Complete Book Store E2E Test ===

--- STEP 1: Registration ---
✓ Navigated to: https://demoqa.com/register
Page title: demosite
Available inputs: [firstname [text] = First Name, lastname [text] = Last Name, userName [text] = UserName, password [password] = Password]
Available buttons: [, Register, Back to Login]
✓ Registration form is visible
✓ Navigated to Registration page
Filling registration form...
✓ First name entered
✓ Last name entered
✓ Email entered
✓ Password entered
✓ Register button clicked
✓ Registration success alert: User Registered Successfully.
✓ Alert dismissed
Current URL after registration: https://demoqa.com/register
✓ Submitted registration form for: user7d2fd0cb@bookstore.test
✓ Registration response: 
Navigating to login page after registration...
Navigated to login page
Login form is visible
✓ Navigated to Login page after registration

--- STEP 2: Login ---
Navigated to login page
Login form is visible
✓ On Login page
Logging in with user: user7d2fd0cb@bookstore.test
✓ Username entered
✓ Password entered
✓ Login button clicked
✓ Login submitted, waiting for result...
Current URL after login attempt: https://demoqa.com/profile
✓ Submitted login credentials
Checking login success...
Current URL: https://demoqa.com/profile
✓ User redirected to books/profile page - login successful (url=https://demoqa.com/profile)
✓ Login successful: true

--- STEP 3: View Available Books ---
Navigated to Book Store: https://demoqa.com/books
✓ Book Store page loaded successfully
✓ Total books available: 0

--- STEP 4: Search for Books ---
✓ Searched for 'JavaScript'
✓ Search results count: 0

--- STEP 5: Add Books to Wishlist ---

--- STEP 6: Verify User Profile ---
✓ Current user profile: 
✓ User logged in status: false
[[1;31mERROR[m] [1;31mTests [0;1mrun: [0;1m1[m, [1;31mFailures: [0;1;31m1[m, Errors: 0, Skipped: 0, Time elapsed: 59.44 s[1;31m <<< FAILURE![m -- in com.automation.sites.demoqa.tests.[1mBookStoreApplicationTest[m
[[1;31mERROR[m] com.automation.sites.demoqa.tests.BookStoreApplicationTest.verifyCompleteEndToEndFlow -- Time elapsed: 56.74 s <<< FAILURE!
java.lang.AssertionError: User should remain logged in expected [true] but found [false]
	at org.testng.Assert.fail(Assert.java:111)
	at org.testng.Assert.failNotEquals(Assert.java:1578)
	at org.testng.Assert.assertTrue(Assert.java:57)
	at com.automation.sites.demoqa.tests.BookStoreApplicationTest.verifyCompleteEndToEndFlow(BookStoreApplicationTest.java:302)
	at java.base/jdk.internal.reflect.NativeMethodAccessorImpl.invoke0(Native Method)
	at java.base/jdk.internal.reflect.NativeMethodAccessorImpl.invoke(NativeMethodAccessorImpl.java:77)
	at java.base/jdk.internal.reflect.DelegatingMethodAccessorImpl.invoke(DelegatingMethodAccessorImpl.java:43)
	at java.base/java.lang.reflect.Method.invoke(Method.java:569)
	at org.testng.internal.invokers.MethodInvocationHelper.invokeMethod(MethodInvocationHelper.java:139)
	at org.testng.internal.invokers.TestInvoker.invokeMethod(TestInvoker.java:664)
	at org.testng.internal.invokers.TestInvoker.invokeTestMethod(TestInvoker.java:228)
	at org.testng.internal.invokers.MethodRunner.runInSequence(MethodRunner.java:63)
	at org.testng.internal.invokers.TestInvoker$MethodInvocationAgent.invoke(TestInvoker.java:961)
	at org.testng.internal.invokers.TestInvoker.invokeTestMethods(TestInvoker.java:201)
	at org.testng.internal.invokers.TestMethodWorker.invokeTestMethods(TestMethodWorker.java:148)
	at org.testng.internal.invokers.TestMethodWorker.run(TestMethodWorker.java:128)
	at java.base/java.util.ArrayList.forEach(ArrayList.java:1511)
	at org.testng.TestRunner.privateRun(TestRunner.java:819)
	at org.testng.TestRunner.run(TestRunner.java:619)
	at org.testng.SuiteRunner.runTest(SuiteRunner.java:443)
	at org.testng.SuiteRunner.runSequentially(SuiteRunner.java:437)
	at org.testng.SuiteRunner.privateRun(SuiteRunner.java:397)
	at org.testng.SuiteRunner.run(SuiteRunner.java:336)
	at org.testng.SuiteRunnerWorker.runSuite(SuiteRunnerWorker.java:52)
	at org.testng.SuiteRunnerWorker.run(SuiteRunnerWorker.java:95)
	at org.testng.TestNG.runSuitesSequentially(TestNG.java:1301)
	at org.testng.TestNG.runSuitesLocally(TestNG.java:1228)
	at org.testng.TestNG.runSuites(TestNG.java:1134)
	at org.testng.TestNG.run(TestNG.java:1101)
	at org.apache.maven.surefire.testng.TestNGExecutor.run(TestNGExecutor.java:155)
	at org.apache.maven.surefire.testng.TestNGDirectoryTestSuite.executeSingleClass(TestNGDirectoryTestSuite.java:102)
	at org.apache.maven.surefire.testng.TestNGDirectoryTestSuite.execute(TestNGDirectoryTestSuite.java:91)
	at org.apache.maven.surefire.testng.TestNGProvider.invoke(TestNGProvider.java:137)
	at org.apache.maven.surefire.booter.ForkedBooter.runSuitesInProcess(ForkedBooter.java:385)
	at org.apache.maven.surefire.booter.ForkedBooter.execute(ForkedBooter.java:162)
	at org.apache.maven.surefire.booter.ForkedBooter.run(ForkedBooter.java:507)
	at org.apache.maven.surefire.booter.ForkedBooter.main(ForkedBooter.java:495)

[[1;34mINFO[m] 
[[1;34mINFO[m] Results:
[[1;34mINFO[m] 
[[1;31mERROR[m] [1;31mFailures: [m
[[1;31mERROR[m] [1;31m  BookStoreApplicationTest.verifyCompleteEndToEndFlow:302 User should remain logged in expected [true] but found [false][m
[[1;34mINFO[m] 
[[1;31mERROR[m] [1;31mTests run: 1, Failures: 1, Errors: 0, Skipped: 0[m
[[1;34mINFO[m] 
[[1;31mERROR[m] There are test failures.

Please refer to /home/bisagn/Documents/Automation 2026/Selenium/selenium-automation-framework Advanced/target/surefire-reports for the individual test results.
Please refer to dump files (if any exist) [date].dump, [date]-jvmRun[N].dump and [date].dumpstream.
[[1;34mINFO[m] [1m------------------------------------------------------------------------[m
[[1;34mINFO[m] [1;32mBUILD SUCCESS[m
[[1;34mINFO[m] [1m------------------------------------------------------------------------[m
[[1;34mINFO[m] Total time:  01:02 min
[[1;34mINFO[m] Finished at: 2026-07-10T13:51:43+05:30
[[1;34mINFO[m] [1m------------------------------------------------------------------------[m
