[INFO] chrome://new-tab-page/ - Clear-Site-Data header on 'https://staging2.pmgatishakti.gov.in/PermissionPortal/': Cleared data types: "cache".
[WARNING] security - Error with Permissions-Policy header: Unrecognized feature: 'notifications'.
[INFO] https://staging2.pmgatishakti.gov.in/PermissionPortal/ - Clear-Site-Data header on 'https://staging2.pmgatishakti.gov.in/PermissionPortal/css/bootstrap5.3.min.css': Cleared data types: "cache".
[INFO] https://staging2.pmgatishakti.gov.in/PermissionPortal/ - Clear-Site-Data header on 'https://staging2.pmgatishakti.gov.in/PermissionPortal/css/swiper.min.css': Cleared data types: "cache".
[INFO] https://staging2.pmgatishakti.gov.in/PermissionPortal/ - Clear-Site-Data header on 'https://staging2.pmgatishakti.gov.in/PermissionPortal/asset/admin/css/all.min.css': Cleared data types: "cache".
[INFO] https://staging2.pmgatishakti.gov.in/PermissionPortal/ - Clear-Site-Data header on 'https://staging2.pmgatishakti.gov.in/PermissionPortal/css/bootstrap-icons.min.css': Cleared data types: "cache".
[INFO] https://staging2.pmgatishakti.gov.in/PermissionPortal/ - Clear-Site-Data header on 'https://staging2.pmgatishakti.gov.in/PermissionPortal/assets/css/website_translation_utility.css': Cleared data types: "cache".
[INFO] https://staging2.pmgatishakti.gov.in/PermissionPortal/ - Clear-Site-Data header on 'https://staging2.pmgatishakti.gov.in/PermissionPortal/css/styleindex.css': Cleared data types: "cache".
[INFO] https://staging2.pmgatishakti.gov.in/PermissionPortal/ - Clear-Site-Data header on 'https://staging2.pmgatishakti.gov.in/PermissionPortal/css/loader.css': Cleared data types: "cache".
[INFO] https://staging2.pmgatishakti.gov.in/PermissionPortal/ - Clear-Site-Data header on 'https://staging2.pmgatishakti.gov.in/PermissionPortal/css/all.min.css': Cleared data types: "cache".
[INFO] https://staging2.pmgatishakti.gov.in/PermissionPortal/ - Clear-Site-Data header on 'https://staging2.pmgatishakti.gov.in/PermissionPortal/asset/js/rev-slider/css/settings.css': Cleared data types: "cache".
[INFO] https://staging2.pmgatishakti.gov.in/PermissionPortal/ - Clear-Site-Data header on 'https://staging2.pmgatishakti.gov.in/PermissionPortal/asset/js/rev-slider/css/navigation.css': Cleared data types: "cache".
[INFO] https://staging2.pmgatishakti.gov.in/PermissionPortal/ - Clear-Site-Data header on 'https://staging2.pmgatishakti.gov.in/PermissionPortal/asset/js/rev-slider/css/layers.css': Cleared data types: "cache".
[INFO] https://staging2.pmgatishakti.gov.in/PermissionPortal/ - Clear-Site-Data header on 'https://staging2.pmgatishakti.gov.in/PermissionPortal/assets/css/homestyle.css': Cleared data types: "cache".
[INFO] https://staging2.pmgatishakti.gov.in/PermissionPortal/ - Clear-Site-Data header on 'https://staging2.pmgatishakti.gov.in/PermissionPortal/css/fragmentsheader.css': Cleared data types: "cache".
[INFO] https://staging2.pmgatishakti.gov.in/PermissionPortal/ - Clear-Site-Data header on 'https://staging2.pmgatishakti.gov.in/PermissionPortal/assets/css/fregment.css': Cleared data types: "cache".
[INFO] https://staging2.pmgatishakti.gov.in/PermissionPortal/ - Clear-Site-Data header on 'https://staging2.pmgatishakti.gov.in/PermissionPortal/assets/images/indian-flag.png': Cleared data types: "cache".
[INFO] https://staging2.pmgatishakti.gov.in/PermissionPortal/ - Clear-Site-Data header on 'https://staging2.pmgatishakti.gov.in/PermissionPortal/assets/images/dark-mode.png': Cleared data types: "cache".
[INFO] https://staging2.pmgatishakti.gov.in/PermissionPortal/ - Clear-Site-Data header on 'https://staging2.pmgatishakti.gov.in/PermissionPortal/css/toastify.min.css': Cleared data types: "cache".
[INFO] https://staging2.pmgatishakti.gov.in/PermissionPortal/ - Clear-Site-Data header on 'https://staging2.pmgatishakti.gov.in/PermissionPortal/assets/js/newhomepage.js': Cleared data types: "cache".
[SEVERE] https://staging2.pmgatishakti.gov.in/PermissionPortal/assets/js/newhomepage.js 19:26 Uncaught TypeError: Cannot read properties of null (reading 'innerHTML')
[INFO] https://staging2.pmgatishakti.gov.in/PermissionPortal/ - Clear-Site-Data header on 'https://staging2.pmgatishakti.gov.in/PermissionPortal/images/Ministry_of_Culture_India.png': Cleared data types: "cache".
[INFO] https://staging2.pmgatishakti.gov.in/PermissionPortal/ - Clear-Site-Data header on 'https://staging2.pmgatishakti.gov.in/PermissionPortal/assets/images/ASI_Logo.png': Cleared data types: "cache".
[INFO] https://staging2.pmgatishakti.gov.in/PermissionPortal/ - Clear-Site-Data header on 'https://staging2.pmgatishakti.gov.in/PermissionPortal/images/SVG-clip.png': Cleared data types: "cache".
[INFO] https://staging2.pmgatishakti.gov.in/PermissionPortal/ - Clear-Site-Data header on 'https://staging2.pmgatishakti.gov.in/PermissionPortal/css/styleindex.css': Cleared data types: "cache".
[INFO] https://staging2.pmgatishakti.gov.in/PermissionPortal/ - Clear-Site-Data header on 'https://staging2.pmgatishakti.gov.in/PermissionPortal/js/jquery.com.jquery.3.7.1.min.js': Cleared data types: "cache".
[INFO] https://staging2.pmgatishakti.gov.in/PermissionPortal/ 1300 Clear-Site-Data header on 'https://staging2.pmgatishakti.gov.in/PermissionPortal/js/jquery-3.7.1.min.js': Cleared data types: "cache".
[INFO] https://staging2.pmgatishakti.gov.in/PermissionPortal/ 1300 Clear-Site-Data header on 'https://staging2.pmgatishakti.gov.in/PermissionPortal/js/toastify-js.js': Cleared data types: "cache".
[INFO] https://staging2.pmgatishakti.gov.in/PermissionPortal/ 1300 Clear-Site-Data header on 'https://staging2.pmgatishakti.gov.in/PermissionPortal/js/bootstrap.bundle.min.js': Cleared data types: "cache".
[INFO] https://staging2.pmgatishakti.gov.in/PermissionPortal/ - Clear-Site-Data header on 'https://staging2.pmgatishakti.gov.in/PermissionPortal/asset/js/rev-slider/js/jquery.themepunch.revolution.min.js': Cleared data types: "cache".
[INFO] https://staging2.pmgatishakti.gov.in/PermissionPortal/ - Clear-Site-Data header on 'https://staging2.pmgatishakti.gov.in/PermissionPortal/asset/js/rev-slider/js/jquery.themepunch.tools.min.js': Cleared data types: "cache".
[INFO] https://staging2.pmgatishakti.gov.in/PermissionPortal/ 1307 Clear-Site-Data header on 'https://staging2.pmgatishakti.gov.in/PermissionPortal/asset/js/rev-slider/js/extensions/revolution.extension.parallax.min.js': Cleared data types: "cache".
[INFO] https://staging2.pmgatishakti.gov.in/PermissionPortal/ 1307 Clear-Site-Data header on 'https://staging2.pmgatishakti.gov.in/PermissionPortal/asset/js/rev-slider/js/extensions/revolution.extension.slideanims.min.js': Cleared data types: "cache".
[INFO] https://staging2.pmgatishakti.gov.in/PermissionPortal/ 1307 Clear-Site-Data header on 'https://staging2.pmgatishakti.gov.in/PermissionPortal/js/swiper.min.js': Cleared data types: "cache".
[INFO] https://staging2.pmgatishakti.gov.in/PermissionPortal/ 1307 Clear-Site-Data header on 'https://staging2.pmgatishakti.gov.in/PermissionPortal/js/slick.js': Cleared data types: "cache".
[INFO] https://staging2.pmgatishakti.gov.in/PermissionPortal/ 1307 Clear-Site-Data header on 'https://staging2.pmgatishakti.gov.in/PermissionPortal/asset/js/rev-slider/js/extensions/revolution.extension.migration.min.js': Cleared data types: "cache".
[INFO] https://staging2.pmgatishakti.gov.in/PermissionPortal/ 1307 Clear-Site-Data header on 'https://staging2.pmgatishakti.gov.in/PermissionPortal/asset/js/rev-slider.js': Cleared data types: "cache".
[INFO] https://staging2.pmgatishakti.gov.in/PermissionPortal/ 1307 Clear-Site-Data header on 'https://staging2.pmgatishakti.gov.in/PermissionPortal/images/Fort.png': Cleared data types: "cache".
[INFO] https://staging2.pmgatishakti.gov.in/PermissionPortal/ 1307 Clear-Site-Data header on 'https://staging2.pmgatishakti.gov.in/PermissionPortal/images/search-data.png': Cleared data types: "cache".
[INFO] https://staging2.pmgatishakti.gov.in/PermissionPortal/ 1307 Clear-Site-Data header on 'https://staging2.pmgatishakti.gov.in/PermissionPortal/asset/js/rev-slider/js/extensions/revolution.extension.kenburn.min.js': Cleared data types: "cache".
[INFO] https://staging2.pmgatishakti.gov.in/PermissionPortal/ 1307 Clear-Site-Data header on 'https://staging2.pmgatishakti.gov.in/PermissionPortal/asset/js/rev-slider/js/extensions/revolution.extension.video.min.js': Cleared data types: "cache".
[INFO] https://staging2.pmgatishakti.gov.in/PermissionPortal/ 1307 Clear-Site-Data header on 'https://staging2.pmgatishakti.gov.in/PermissionPortal/images/Agra_Fort.jpg': Cleared data types: "cache".
[INFO] https://staging2.pmgatishakti.gov.in/PermissionPortal/ - Clear-Site-Data header on 'https://staging2.pmgatishakti.gov.in/PermissionPortal/images/Mosque.png': Cleared data types: "cache".
[INFO] https://staging2.pmgatishakti.gov.in/PermissionPortal/ - Clear-Site-Data header on 'https://staging2.pmgatishakti.gov.in/PermissionPortal/asset/js/rev-slider/js/extensions/revolution.extension.navigation.min.js': Cleared data types: "cache".
[INFO] https://staging2.pmgatishakti.gov.in/PermissionPortal/ - Clear-Site-Data header on 'https://staging2.pmgatishakti.gov.in/PermissionPortal/asset/js/rev-slider/js/extensions/revolution.extension.layeranimation.min.js': Cleared data types: "cache".
[INFO] https://staging2.pmgatishakti.gov.in/PermissionPortal/ - Clear-Site-Data header on 'https://staging2.pmgatishakti.gov.in/PermissionPortal/images/Ellora_Caves.jpg': Cleared data types: "cache".
[INFO] https://staging2.pmgatishakti.gov.in/PermissionPortal/ - Clear-Site-Data header on 'https://staging2.pmgatishakti.gov.in/PermissionPortal/assets/js/website_translation_utility.js': Cleared data types: "cache".
[INFO] https://staging2.pmgatishakti.gov.in/PermissionPortal/ - Clear-Site-Data header on 'https://staging2.pmgatishakti.gov.in/PermissionPortal/asset/js/rev-slider/js/extensions/revolution.extension.actions.min.js': Cleared data types: "cache".
[INFO] https://staging2.pmgatishakti.gov.in/PermissionPortal/ - Clear-Site-Data header on 'https://staging2.pmgatishakti.gov.in/PermissionPortal/js/fragmentsheader.js': Cleared data types: "cache".
[INFO] https://staging2.pmgatishakti.gov.in/PermissionPortal/ - Clear-Site-Data header on 'https://staging2.pmgatishakti.gov.in/PermissionPortal/js/common/forge.min.js': Cleared data types: "cache".
[INFO] https://staging2.pmgatishakti.gov.in/PermissionPortal/ - Clear-Site-Data header on 'https://staging2.pmgatishakti.gov.in/PermissionPortal/images/dslr-camera.png': Cleared data types: "cache".
[INFO] https://staging2.pmgatishakti.gov.in/PermissionPortal/ - Clear-Site-Data header on 'https://staging2.pmgatishakti.gov.in/PermissionPortal/images/calendar.png': Cleared data types: "cache".
[INFO] https://staging2.pmgatishakti.gov.in/PermissionPortal/ - Clear-Site-Data header on 'https://staging2.pmgatishakti.gov.in/PermissionPortal/js/common/cryptoJS.js': Cleared data types: "cache".
[INFO] https://staging2.pmgatishakti.gov.in/PermissionPortal/ - Clear-Site-Data header on 'https://staging2.pmgatishakti.gov.in/PermissionPortal/images/Temple.png': Cleared data types: "cache".
[INFO] https://staging2.pmgatishakti.gov.in/PermissionPortal/ - Clear-Site-Data header on 'https://staging2.pmgatishakti.gov.in/PermissionPortal/images/Qutub_Minar.jpg': Cleared data types: "cache".
[INFO] https://staging2.pmgatishakti.gov.in/PermissionPortal/ - Clear-Site-Data header on 'https://staging2.pmgatishakti.gov.in/PermissionPortal/images/asilogo.png': Cleared data types: "cache".
[INFO] https://staging2.pmgatishakti.gov.in/PermissionPortal/ - Clear-Site-Data header on 'https://staging2.pmgatishakti.gov.in/PermissionPortal/images/call.png': Cleared data types: "cache".
[INFO] https://staging2.pmgatishakti.gov.in/PermissionPortal/ - Clear-Site-Data header on 'https://staging2.pmgatishakti.gov.in/PermissionPortal/images/approved.png': Cleared data types: "cache".
[INFO] https://staging2.pmgatishakti.gov.in/PermissionPortal/ - Clear-Site-Data header on 'https://staging2.pmgatishakti.gov.in/PermissionPortal/images/golcondafort.jpg': Cleared data types: "cache".
[INFO] https://staging2.pmgatishakti.gov.in/PermissionPortal/ - Clear-Site-Data header on 'https://staging2.pmgatishakti.gov.in/PermissionPortal/images/slide/grid/grid-4.png': Cleared data types: "cache".
[INFO] https://staging2.pmgatishakti.gov.in/PermissionPortal/ - Clear-Site-Data header on 'https://staging2.pmgatishakti.gov.in/PermissionPortal/images/other.png': Cleared data types: "cache".
[INFO] https://staging2.pmgatishakti.gov.in/PermissionPortal/ - Clear-Site-Data header on 'https://staging2.pmgatishakti.gov.in/PermissionPortal/images/slide/grid/grid-5.png': Cleared data types: "cache".
[INFO] https://staging2.pmgatishakti.gov.in/PermissionPortal/ - Clear-Site-Data header on 'https://staging2.pmgatishakti.gov.in/PermissionPortal/js/common/adminhelper.js': Cleared data types: "cache".
[INFO] https://staging2.pmgatishakti.gov.in/PermissionPortal/ - Clear-Site-Data header on 'https://staging2.pmgatishakti.gov.in/PermissionPortal/images/slide/grid/grid-6.png': Cleared data types: "cache".
[INFO] https://staging2.pmgatishakti.gov.in/PermissionPortal/ - Clear-Site-Data header on 'https://staging2.pmgatishakti.gov.in/PermissionPortal/js/index.js': Cleared data types: "cache".
[INFO] https://staging2.pmgatishakti.gov.in/PermissionPortal/ - Clear-Site-Data header on 'https://staging2.pmgatishakti.gov.in/PermissionPortal/js/common/hybridencryption.js': Cleared data types: "cache".
[INFO] https://staging2.pmgatishakti.gov.in/PermissionPortal/ - Clear-Site-Data header on 'https://staging2.pmgatishakti.gov.in/PermissionPortal/images/pay-per-click.png': Cleared data types: "cache".
[INFO] https://staging2.pmgatishakti.gov.in/PermissionPortal/ - Clear-Site-Data header on 'https://staging2.pmgatishakti.gov.in/PermissionPortal/images/chittaurgarh.jpg': Cleared data types: "cache".
[INFO] https://staging2.pmgatishakti.gov.in/PermissionPortal/ - Clear-Site-Data header on 'https://staging2.pmgatishakti.gov.in/PermissionPortal/assets/js/guideline.js': Cleared data types: "cache".
[INFO] https://staging2.pmgatishakti.gov.in/PermissionPortal/ - Clear-Site-Data header on 'https://staging2.pmgatishakti.gov.in/PermissionPortal/images/Taj_Mahal.jpg': Cleared data types: "cache".
[INFO] https://staging2.pmgatishakti.gov.in/PermissionPortal/ - Clear-Site-Data header on 'https://staging2.pmgatishakti.gov.in/PermissionPortal/images/RED_FORT_DELHI.jpg': Cleared data types: "cache".
[INFO] https://staging2.pmgatishakti.gov.in/PermissionPortal/ - Clear-Site-Data header on 'https://staging2.pmgatishakti.gov.in/PermissionPortal/images/Caves.png': Cleared data types: "cache".
[INFO] https://staging2.pmgatishakti.gov.in/PermissionPortal/ - Clear-Site-Data header on 'https://staging2.pmgatishakti.gov.in/PermissionPortal/js/csrfToken.js': Cleared data types: "cache".
[INFO] https://staging2.pmgatishakti.gov.in/PermissionPortal/ - Clear-Site-Data header on 'https://staging2.pmgatishakti.gov.in/PermissionPortal/images/slide/grid/grid-1.png': Cleared data types: "cache".
[INFO] https://staging2.pmgatishakti.gov.in/PermissionPortal/ - Clear-Site-Data header on 'https://staging2.pmgatishakti.gov.in/PermissionPortal/images/humayun-tomb.jpg': Cleared data types: "cache".
[INFO] https://staging2.pmgatishakti.gov.in/PermissionPortal/ - Clear-Site-Data header on 'https://staging2.pmgatishakti.gov.in/PermissionPortal/js/common/AesUtil.js': Cleared data types: "cache".
[INFO] https://staging2.pmgatishakti.gov.in/PermissionPortal/ - Clear-Site-Data header on 'https://staging2.pmgatishakti.gov.in/PermissionPortal/images/slide/grid/grid-8.png': Cleared data types: "cache".
[INFO] https://staging2.pmgatishakti.gov.in/PermissionPortal/ - Clear-Site-Data header on 'https://staging2.pmgatishakti.gov.in/PermissionPortal/images/Tombs.png': Cleared data types: "cache".
[INFO] https://staging2.pmgatishakti.gov.in/PermissionPortal/ - Clear-Site-Data header on 'https://staging2.pmgatishakti.gov.in/PermissionPortal/images/slide/grid/grid-3.png': Cleared data types: "cache".
[INFO] https://staging2.pmgatishakti.gov.in/PermissionPortal/ - Clear-Site-Data header on 'https://staging2.pmgatishakti.gov.in/PermissionPortal/images/user_reg.png': Cleared data types: "cache".
[INFO] https://staging2.pmgatishakti.gov.in/PermissionPortal/ - Clear-Site-Data header on 'https://staging2.pmgatishakti.gov.in/PermissionPortal/images/slide/grid/grid-9.png': Cleared data types: "cache".
[INFO] https://staging2.pmgatishakti.gov.in/PermissionPortal/ - Clear-Site-Data header on 'https://staging2.pmgatishakti.gov.in/PermissionPortal/images/Place.png': Cleared data types: "cache".
[INFO] https://staging2.pmgatishakti.gov.in/PermissionPortal/ - Clear-Site-Data header on 'https://staging2.pmgatishakti.gov.in/PermissionPortal/images/email.png': Cleared data types: "cache".
[INFO] https://staging2.pmgatishakti.gov.in/PermissionPortal/ - Clear-Site-Data header on 'https://staging2.pmgatishakti.gov.in/PermissionPortal/images/azadi_Amrit_Mahotsav_logo.png': Cleared data types: "cache".
[INFO] https://staging2.pmgatishakti.gov.in/PermissionPortal/ - Clear-Site-Data header on 'https://staging2.pmgatishakti.gov.in/PermissionPortal/images/Sun_Temple_Konark.jpg': Cleared data types: "cache".
[INFO] https://staging2.pmgatishakti.gov.in/PermissionPortal/ - Clear-Site-Data header on 'https://staging2.pmgatishakti.gov.in/PermissionPortal/images/amenities.png': Cleared data types: "cache".
[INFO] https://staging2.pmgatishakti.gov.in/PermissionPortal/ - Clear-Site-Data header on 'https://staging2.pmgatishakti.gov.in/PermissionPortal/images/Udaigiri_Caves.jpg': Cleared data types: "cache".
[INFO] https://staging2.pmgatishakti.gov.in/PermissionPortal/ - Clear-Site-Data header on 'https://staging2.pmgatishakti.gov.in/PermissionPortal/images/slide/grid/grid-2.jpeg': Cleared data types: "cache".
[INFO] https://staging2.pmgatishakti.gov.in/PermissionPortal/ - Clear-Site-Data header on 'https://staging2.pmgatishakti.gov.in/PermissionPortal/images/exam.png': Cleared data types: "cache".
[INFO] https://staging2.pmgatishakti.gov.in/PermissionPortal/ - Clear-Site-Data header on 'https://staging2.pmgatishakti.gov.in/PermissionPortal/images/bg-background.png': Cleared data types: "cache".
[INFO] https://staging2.pmgatishakti.gov.in/PermissionPortal/ - Clear-Site-Data header on 'https://staging2.pmgatishakti.gov.in/PermissionPortal/images/adopt_monument.jpeg': Cleared data types: "cache".
[INFO] https://staging2.pmgatishakti.gov.in/PermissionPortal/ - Clear-Site-Data header on 'https://staging2.pmgatishakti.gov.in/PermissionPortal/images/heritage_walk.jpeg': Cleared data types: "cache".
[INFO] https://staging2.pmgatishakti.gov.in/PermissionPortal/ - Clear-Site-Data header on 'https://staging2.pmgatishakti.gov.in/PermissionPortal/images/azadi_Amit.jpeg': Cleared data types: "cache".
[INFO] https://staging2.pmgatishakti.gov.in/PermissionPortal/ - Clear-Site-Data header on 'https://staging2.pmgatishakti.gov.in/PermissionPortal/images/swachh.jpeg': Cleared data types: "cache".
[INFO] https://staging2.pmgatishakti.gov.in/PermissionPortal/ - Clear-Site-Data header on 'https://staging2.pmgatishakti.gov.in/PermissionPortal/css/fonts/bootstrap-icons.woff2?2820a3852bdb9a5832199cc61cec4e65': Cleared data types: "cache".
[INFO] https://staging2.pmgatishakti.gov.in/PermissionPortal/ - Clear-Site-Data header on 'https://staging2.pmgatishakti.gov.in/PermissionPortal/asset/admin/webfonts/fa-solid-900.woff2': Cleared data types: "cache".
[INFO] https://staging2.pmgatishakti.gov.in/PermissionPortal/ - Clear-Site-Data header on 'https://staging2.pmgatishakti.gov.in/PermissionPortal/css/Roboto/Roboto-Bold.ttf': Cleared data types: "cache".
[INFO] https://staging2.pmgatishakti.gov.in/PermissionPortal/ - Clear-Site-Data header on 'https://staging2.pmgatishakti.gov.in/PermissionPortal/asset/admin/webfonts/fa-brands-400.woff2': Cleared data types: "cache".
[SEVERE] https://staging2.pmgatishakti.gov.in/PermissionPortal/assets/js/guideline.js 25:77 Uncaught SyntaxError: missing ) after argument list
[FINE] https://staging2.pmgatishakti.gov.in/PermissionPortal/ - [DOM] Input elements should have autocomplete attributes (suggested: "current-password"): (More info: https://goo.gl/9p2vKq) %o
[FINE] https://staging2.pmgatishakti.gov.in/PermissionPortal/ - [DOM] Input elements should have autocomplete attributes (suggested: "new-password"): (More info: https://goo.gl/9p2vKq) %o
[FINE] https://staging2.pmgatishakti.gov.in/PermissionPortal/ - [DOM] Input elements should have autocomplete attributes (suggested: "new-password"): (More info: https://goo.gl/9p2vKq) %o
[FINE] https://staging2.pmgatishakti.gov.in/PermissionPortal/ - [DOM] Input elements should have autocomplete attributes (suggested: "current-password"): (More info: https://goo.gl/9p2vKq) %o
[FINE] https://staging2.pmgatishakti.gov.in/PermissionPortal/ - [DOM] Multiple forms should be contained in their own form elements; break up complex forms into ones that represent a single action: (More info: https://goo.gl/9p2vKq) %o
[WARNING] https://staging2.pmgatishakti.gov.in/PermissionPortal/js/jquery-3.7.1.min.js 1:28647 "jQuery.Deferred exception: Cannot read properties of null (reading 'addEventListener')" "TypeError: Cannot read properties of null (reading 'addEventListener')\n    at HTMLDocument.\u003Canonymous> (https://staging2.pmgatishakti.gov.in/PermissionPortal/js/index.js:2405:38)\n    at e (https://staging2.pmgatishakti.gov.in/PermissionPortal/js/jquery-3.7.1.min.js:2:27028)\n    at t (https://staging2.pmgatishakti.gov.in/PermissionPortal/js/jquery-3.7.1.min.js:2:27330)" undefined
[SEVERE] https://staging2.pmgatishakti.gov.in/PermissionPortal/js/jquery-3.7.1.min.js 1:28759 Uncaught TypeError: Cannot read properties of null (reading 'addEventListener')
[INFO] https://staging2.pmgatishakti.gov.in/PermissionPortal/ - Clear-Site-Data header on 'https://staging2.pmgatishakti.gov.in/PermissionPortal/permission/public-key': Cleared data types: "cache".
[INFO] https://staging2.pmgatishakti.gov.in/PermissionPortal/ - Clear-Site-Data header on 'https://staging2.pmgatishakti.gov.in/PermissionPortal/permission/visitor-count': Cleared data types: "cache".
[INFO] https://staging2.pmgatishakti.gov.in/PermissionPortal/ - Clear-Site-Data header on 'https://staging2.pmgatishakti.gov.in/PermissionPortal/permission/getCaptcha': Cleared data types: "cache".
[INFO] https://staging2.pmgatishakti.gov.in/PermissionPortal/ - Clear-Site-Data header on 'https://staging2.pmgatishakti.gov.in/PermissionPortal/permission/getCaptcha': Cleared data types: "cache".
[SEVERE] https://staging2.pmgatishakti.gov.in/PermissionPortal/js/index.js 1036:15 Uncaught TypeError: Cannot set properties of null (setting 'src')
[INFO] https://staging2.pmgatishakti.gov.in/PermissionPortal/ - Clear-Site-Data header on 'https://staging2.pmgatishakti.gov.in/PermissionPortal/': Cleared data types: "cache".
[WARNING] security - Error with Permissions-Policy header: Unrecognized feature: 'notifications'.
[INFO] https://staging2.pmgatishakti.gov.in/PermissionPortal/ - Clear-Site-Data header on 'https://staging2.pmgatishakti.gov.in/PermissionPortal/asset/js/rev-slider/css/navigation.css': Cleared data types: "cache".
[INFO] https://staging2.pmgatishakti.gov.in/PermissionPortal/ - Clear-Site-Data header on 'https://staging2.pmgatishakti.gov.in/PermissionPortal/css/toastify.min.css': Cleared data types: "cache".
[INFO] https://staging2.pmgatishakti.gov.in/PermissionPortal/ - Clear-Site-Data header on 'https://staging2.pmgatishakti.gov.in/PermissionPortal/css/bootstrap-icons.min.css': Cleared data types: "cache".
[INFO] https://staging2.pmgatishakti.gov.in/PermissionPortal/ - Clear-Site-Data header on 'https://staging2.pmgatishakti.gov.in/PermissionPortal/css/swiper.min.css': Cleared data types: "cache".
[INFO] https://staging2.pmgatishakti.gov.in/PermissionPortal/ - Clear-Site-Data header on 'https://staging2.pmgatishakti.gov.in/PermissionPortal/css/styleindex.css': Cleared data types: "cache".
[INFO] https://staging2.pmgatishakti.gov.in/PermissionPortal/ - Clear-Site-Data header on 'https://staging2.pmgatishakti.gov.in/PermissionPortal/css/bootstrap5.3.min.css': Cleared data types: "cache".
[INFO] https://staging2.pmgatishakti.gov.in/PermissionPortal/ - Clear-Site-Data header on 'https://staging2.pmgatishakti.gov.in/PermissionPortal/css/loader.css': Cleared data types: "cache".
[INFO] https://staging2.pmgatishakti.gov.in/PermissionPortal/ - Clear-Site-Data header on 'https://staging2.pmgatishakti.gov.in/PermissionPortal/asset/js/rev-slider/css/settings.css': Cleared data types: "cache".
[INFO] https://staging2.pmgatishakti.gov.in/PermissionPortal/ - Clear-Site-Data header on 'https://staging2.pmgatishakti.gov.in/PermissionPortal/asset/js/rev-slider/css/layers.css': Cleared data types: "cache".
[INFO] https://staging2.pmgatishakti.gov.in/PermissionPortal/ - Clear-Site-Data header on 'https://staging2.pmgatishakti.gov.in/PermissionPortal/asset/admin/css/all.min.css': Cleared data types: "cache".
[INFO] https://staging2.pmgatishakti.gov.in/PermissionPortal/ - Clear-Site-Data header on 'https://staging2.pmgatishakti.gov.in/PermissionPortal/assets/css/homestyle.css': Cleared data types: "cache".
[INFO] https://staging2.pmgatishakti.gov.in/PermissionPortal/ - Clear-Site-Data header on 'https://staging2.pmgatishakti.gov.in/PermissionPortal/css/all.min.css': Cleared data types: "cache".
[INFO] https://staging2.pmgatishakti.gov.in/PermissionPortal/ - Clear-Site-Data header on 'https://staging2.pmgatishakti.gov.in/PermissionPortal/assets/css/website_translation_utility.css': Cleared data types: "cache".
[INFO] https://staging2.pmgatishakti.gov.in/PermissionPortal/ - Clear-Site-Data header on 'https://staging2.pmgatishakti.gov.in/PermissionPortal/assets/css/fregment.css': Cleared data types: "cache".
[INFO] https://staging2.pmgatishakti.gov.in/PermissionPortal/ - Clear-Site-Data header on 'https://staging2.pmgatishakti.gov.in/PermissionPortal/css/fragmentsheader.css': Cleared data types: "cache".
[INFO] https://staging2.pmgatishakti.gov.in/PermissionPortal/ - Clear-Site-Data header on 'https://staging2.pmgatishakti.gov.in/PermissionPortal/assets/images/dark-mode.png': Cleared data types: "cache".
[INFO] https://staging2.pmgatishakti.gov.in/PermissionPortal/ - Clear-Site-Data header on 'https://staging2.pmgatishakti.gov.in/PermissionPortal/assets/js/newhomepage.js': Cleared data types: "cache".
[INFO] https://staging2.pmgatishakti.gov.in/PermissionPortal/ - Clear-Site-Data header on 'https://staging2.pmgatishakti.gov.in/PermissionPortal/assets/images/indian-flag.png': Cleared data types: "cache".
[SEVERE] https://staging2.pmgatishakti.gov.in/PermissionPortal/assets/js/newhomepage.js 19:26 Uncaught TypeError: Cannot read properties of null (reading 'innerHTML')
[INFO] https://staging2.pmgatishakti.gov.in/PermissionPortal/ - Clear-Site-Data header on 'https://staging2.pmgatishakti.gov.in/PermissionPortal/images/Ministry_of_Culture_India.png': Cleared data types: "cache".
[INFO] https://staging2.pmgatishakti.gov.in/PermissionPortal/ - Clear-Site-Data header on 'https://staging2.pmgatishakti.gov.in/PermissionPortal/assets/images/ASI_Logo.png': Cleared data types: "cache".
[INFO] https://staging2.pmgatishakti.gov.in/PermissionPortal/ - Clear-Site-Data header on 'https://staging2.pmgatishakti.gov.in/PermissionPortal/images/SVG-clip.png': Cleared data types: "cache".
[INFO] https://staging2.pmgatishakti.gov.in/PermissionPortal/ - Clear-Site-Data header on 'https://staging2.pmgatishakti.gov.in/PermissionPortal/css/styleindex.css': Cleared data types: "cache".
[INFO] https://staging2.pmgatishakti.gov.in/PermissionPortal/ - Clear-Site-Data header on 'https://staging2.pmgatishakti.gov.in/PermissionPortal/js/toastify-js.js': Cleared data types: "cache".
[INFO] https://staging2.pmgatishakti.gov.in/PermissionPortal/ - Clear-Site-Data header on 'https://staging2.pmgatishakti.gov.in/PermissionPortal/js/bootstrap.bundle.min.js': Cleared data types: "cache".
[INFO] https://staging2.pmgatishakti.gov.in/PermissionPortal/ - Clear-Site-Data header on 'https://staging2.pmgatishakti.gov.in/PermissionPortal/asset/js/rev-slider.js': Cleared data types: "cache".
[INFO] https://staging2.pmgatishakti.gov.in/PermissionPortal/ - Clear-Site-Data header on 'https://staging2.pmgatishakti.gov.in/PermissionPortal/js/jquery-3.7.1.min.js': Cleared data types: "cache".
[INFO] https://staging2.pmgatishakti.gov.in/PermissionPortal/ - Clear-Site-Data header on 'https://staging2.pmgatishakti.gov.in/PermissionPortal/asset/js/rev-slider/js/jquery.themepunch.revolution.min.js': Cleared data types: "cache".
[INFO] https://staging2.pmgatishakti.gov.in/PermissionPortal/ - Clear-Site-Data header on 'https://staging2.pmgatishakti.gov.in/PermissionPortal/js/jquery.com.jquery.3.7.1.min.js': Cleared data types: "cache".
[INFO] https://staging2.pmgatishakti.gov.in/PermissionPortal/ - Clear-Site-Data header on 'https://staging2.pmgatishakti.gov.in/PermissionPortal/asset/js/rev-slider/js/jquery.themepunch.tools.min.js': Cleared data types: "cache".
[INFO] https://staging2.pmgatishakti.gov.in/PermissionPortal/ - Clear-Site-Data header on 'https://staging2.pmgatishakti.gov.in/PermissionPortal/js/common/cryptoJS.js': Cleared data types: "cache".
[INFO] https://staging2.pmgatishakti.gov.in/PermissionPortal/ 1307 Clear-Site-Data header on 'https://staging2.pmgatishakti.gov.in/PermissionPortal/asset/js/rev-slider/js/extensions/revolution.extension.parallax.min.js': Cleared data types: "cache".
[INFO] https://staging2.pmgatishakti.gov.in/PermissionPortal/ 1307 Clear-Site-Data header on 'https://staging2.pmgatishakti.gov.in/PermissionPortal/images/Agra_Fort.jpg': Cleared data types: "cache".
[INFO] https://staging2.pmgatishakti.gov.in/PermissionPortal/ 1307 Clear-Site-Data header on 'https://staging2.pmgatishakti.gov.in/PermissionPortal/images/Caves.png': Cleared data types: "cache".
[INFO] https://staging2.pmgatishakti.gov.in/PermissionPortal/ - Clear-Site-Data header on 'https://staging2.pmgatishakti.gov.in/PermissionPortal/asset/js/rev-slider/js/extensions/revolution.extension.migration.min.js': Cleared data types: "cache".
[INFO] https://staging2.pmgatishakti.gov.in/PermissionPortal/ - Clear-Site-Data header on 'https://staging2.pmgatishakti.gov.in/PermissionPortal/images/humayun-tomb.jpg': Cleared data types: "cache".
[INFO] https://staging2.pmgatishakti.gov.in/PermissionPortal/ - Clear-Site-Data header on 'https://staging2.pmgatishakti.gov.in/PermissionPortal/images/Fort.png': Cleared data types: "cache".
[INFO] https://staging2.pmgatishakti.gov.in/PermissionPortal/ - Clear-Site-Data header on 'https://staging2.pmgatishakti.gov.in/PermissionPortal/images/user_reg.png': Cleared data types: "cache".
[INFO] https://staging2.pmgatishakti.gov.in/PermissionPortal/ - Clear-Site-Data header on 'https://staging2.pmgatishakti.gov.in/PermissionPortal/js/slick.js': Cleared data types: "cache".
[INFO] https://staging2.pmgatishakti.gov.in/PermissionPortal/ - Clear-Site-Data header on 'https://staging2.pmgatishakti.gov.in/PermissionPortal/images/golcondafort.jpg': Cleared data types: "cache".
[INFO] https://staging2.pmgatishakti.gov.in/PermissionPortal/ - Clear-Site-Data header on 'https://staging2.pmgatishakti.gov.in/PermissionPortal/js/csrfToken.js': Cleared data types: "cache".
[INFO] https://staging2.pmgatishakti.gov.in/PermissionPortal/ - Clear-Site-Data header on 'https://staging2.pmgatishakti.gov.in/PermissionPortal/asset/js/rev-slider/js/extensions/revolution.extension.layeranimation.min.js': Cleared data types: "cache".
[INFO] https://staging2.pmgatishakti.gov.in/PermissionPortal/ - Clear-Site-Data header on 'https://staging2.pmgatishakti.gov.in/PermissionPortal/images/dslr-camera.png': Cleared data types: "cache".
[INFO] https://staging2.pmgatishakti.gov.in/PermissionPortal/ - Clear-Site-Data header on 'https://staging2.pmgatishakti.gov.in/PermissionPortal/asset/js/rev-slider/js/extensions/revolution.extension.navigation.min.js': Cleared data types: "cache".
[INFO] https://staging2.pmgatishakti.gov.in/PermissionPortal/ - Clear-Site-Data header on 'https://staging2.pmgatishakti.gov.in/PermissionPortal/images/approved.png': Cleared data types: "cache".
[INFO] https://staging2.pmgatishakti.gov.in/PermissionPortal/ - Clear-Site-Data header on 'https://staging2.pmgatishakti.gov.in/PermissionPortal/js/common/AesUtil.js': Cleared data types: "cache".
[INFO] https://staging2.pmgatishakti.gov.in/PermissionPortal/ - Clear-Site-Data header on 'https://staging2.pmgatishakti.gov.in/PermissionPortal/images/calendar.png': Cleared data types: "cache".
[INFO] https://staging2.pmgatishakti.gov.in/PermissionPortal/ - Clear-Site-Data header on 'https://staging2.pmgatishakti.gov.in/PermissionPortal/images/Taj_Mahal.jpg': Cleared data types: "cache".
[INFO] https://staging2.pmgatishakti.gov.in/PermissionPortal/ - Clear-Site-Data header on 'https://staging2.pmgatishakti.gov.in/PermissionPortal/assets/js/website_translation_utility.js': Cleared data types: "cache".
[INFO] https://staging2.pmgatishakti.gov.in/PermissionPortal/ - Clear-Site-Data header on 'https://staging2.pmgatishakti.gov.in/PermissionPortal/js/fragmentsheader.js': Cleared data types: "cache".
[INFO] https://staging2.pmgatishakti.gov.in/PermissionPortal/ - Clear-Site-Data header on 'https://staging2.pmgatishakti.gov.in/PermissionPortal/images/email.png': Cleared data types: "cache".
[INFO] https://staging2.pmgatishakti.gov.in/PermissionPortal/ - Clear-Site-Data header on 'https://staging2.pmgatishakti.gov.in/PermissionPortal/js/common/forge.min.js': Cleared data types: "cache".
[INFO] https://staging2.pmgatishakti.gov.in/PermissionPortal/ - Clear-Site-Data header on 'https://staging2.pmgatishakti.gov.in/PermissionPortal/js/index.js': Cleared data types: "cache".
[INFO] https://staging2.pmgatishakti.gov.in/PermissionPortal/ - Clear-Site-Data header on 'https://staging2.pmgatishakti.gov.in/PermissionPortal/js/common/hybridencryption.js': Cleared data types: "cache".
[INFO] https://staging2.pmgatishakti.gov.in/PermissionPortal/ - Clear-Site-Data header on 'https://staging2.pmgatishakti.gov.in/PermissionPortal/asset/js/rev-slider/js/extensions/revolution.extension.kenburn.min.js': Cleared data types: "cache".
[INFO] https://staging2.pmgatishakti.gov.in/PermissionPortal/ - Clear-Site-Data header on 'https://staging2.pmgatishakti.gov.in/PermissionPortal/images/Udaigiri_Caves.jpg': Cleared data types: "cache".
[INFO] https://staging2.pmgatishakti.gov.in/PermissionPortal/ - Clear-Site-Data header on 'https://staging2.pmgatishakti.gov.in/PermissionPortal/images/search-data.png': Cleared data types: "cache".
[INFO] https://staging2.pmgatishakti.gov.in/PermissionPortal/ - Clear-Site-Data header on 'https://staging2.pmgatishakti.gov.in/PermissionPortal/js/common/adminhelper.js': Cleared data types: "cache".
[INFO] https://staging2.pmgatishakti.gov.in/PermissionPortal/ - Clear-Site-Data header on 'https://staging2.pmgatishakti.gov.in/PermissionPortal/asset/js/rev-slider/js/extensions/revolution.extension.video.min.js': Cleared data types: "cache".
[INFO] https://staging2.pmgatishakti.gov.in/PermissionPortal/ - Clear-Site-Data header on 'https://staging2.pmgatishakti.gov.in/PermissionPortal/js/swiper.min.js': Cleared data types: "cache".
[INFO] https://staging2.pmgatishakti.gov.in/PermissionPortal/ - Clear-Site-Data header on 'https://staging2.pmgatishakti.gov.in/PermissionPortal/asset/js/rev-slider/js/extensions/revolution.extension.slideanims.min.js': Cleared data types: "cache".
[INFO] https://staging2.pmgatishakti.gov.in/PermissionPortal/ - Clear-Site-Data header on 'https://staging2.pmgatishakti.gov.in/PermissionPortal/images/other.png': Cleared data types: "cache".
[INFO] https://staging2.pmgatishakti.gov.in/PermissionPortal/ - Clear-Site-Data header on 'https://staging2.pmgatishakti.gov.in/PermissionPortal/images/Sun_Temple_Konark.jpg': Cleared data types: "cache".
[INFO] https://staging2.pmgatishakti.gov.in/PermissionPortal/ - Clear-Site-Data header on 'https://staging2.pmgatishakti.gov.in/PermissionPortal/assets/js/guideline.js': Cleared data types: "cache".
[INFO] https://staging2.pmgatishakti.gov.in/PermissionPortal/ - Clear-Site-Data header on 'https://staging2.pmgatishakti.gov.in/PermissionPortal/images/slide/grid/grid-5.png': Cleared data types: "cache".
[INFO] https://staging2.pmgatishakti.gov.in/PermissionPortal/ - Clear-Site-Data header on 'https://staging2.pmgatishakti.gov.in/PermissionPortal/images/exam.png': Cleared data types: "cache".
[INFO] https://staging2.pmgatishakti.gov.in/PermissionPortal/ - Clear-Site-Data header on 'https://staging2.pmgatishakti.gov.in/PermissionPortal/images/slide/grid/grid-3.png': Cleared data types: "cache".
[INFO] https://staging2.pmgatishakti.gov.in/PermissionPortal/ - Clear-Site-Data header on 'https://staging2.pmgatishakti.gov.in/PermissionPortal/images/RED_FORT_DELHI.jpg': Cleared data types: "cache".
[INFO] https://staging2.pmgatishakti.gov.in/PermissionPortal/ - Clear-Site-Data header on 'https://staging2.pmgatishakti.gov.in/PermissionPortal/images/Mosque.png': Cleared data types: "cache".
[INFO] https://staging2.pmgatishakti.gov.in/PermissionPortal/ - Clear-Site-Data header on 'https://staging2.pmgatishakti.gov.in/PermissionPortal/asset/js/rev-slider/js/extensions/revolution.extension.actions.min.js': Cleared data types: "cache".
[INFO] https://staging2.pmgatishakti.gov.in/PermissionPortal/ - Clear-Site-Data header on 'https://staging2.pmgatishakti.gov.in/PermissionPortal/images/slide/grid/grid-2.jpeg': Cleared data types: "cache".
[INFO] https://staging2.pmgatishakti.gov.in/PermissionPortal/ - Clear-Site-Data header on 'https://staging2.pmgatishakti.gov.in/PermissionPortal/images/pay-per-click.png': Cleared data types: "cache".
[INFO] https://staging2.pmgatishakti.gov.in/PermissionPortal/ - Clear-Site-Data header on 'https://staging2.pmgatishakti.gov.in/PermissionPortal/images/slide/grid/grid-6.png': Cleared data types: "cache".
[INFO] https://staging2.pmgatishakti.gov.in/PermissionPortal/ - Clear-Site-Data header on 'https://staging2.pmgatishakti.gov.in/PermissionPortal/images/Qutub_Minar.jpg': Cleared data types: "cache".
[INFO] https://staging2.pmgatishakti.gov.in/PermissionPortal/ - Clear-Site-Data header on 'https://staging2.pmgatishakti.gov.in/PermissionPortal/images/slide/grid/grid-8.png': Cleared data types: "cache".
[INFO] https://staging2.pmgatishakti.gov.in/PermissionPortal/ - Clear-Site-Data header on 'https://staging2.pmgatishakti.gov.in/PermissionPortal/images/amenities.png': Cleared data types: "cache".
[INFO] https://staging2.pmgatishakti.gov.in/PermissionPortal/ - Clear-Site-Data header on 'https://staging2.pmgatishakti.gov.in/PermissionPortal/images/slide/grid/grid-9.png': Cleared data types: "cache".
[INFO] https://staging2.pmgatishakti.gov.in/PermissionPortal/ - Clear-Site-Data header on 'https://staging2.pmgatishakti.gov.in/PermissionPortal/images/Tombs.png': Cleared data types: "cache".
[INFO] https://staging2.pmgatishakti.gov.in/PermissionPortal/ - Clear-Site-Data header on 'https://staging2.pmgatishakti.gov.in/PermissionPortal/images/slide/grid/grid-4.png': Cleared data types: "cache".
[INFO] https://staging2.pmgatishakti.gov.in/PermissionPortal/ - Clear-Site-Data header on 'https://staging2.pmgatishakti.gov.in/PermissionPortal/images/Ellora_Caves.jpg': Cleared data types: "cache".
[INFO] https://staging2.pmgatishakti.gov.in/PermissionPortal/ - Clear-Site-Data header on 'https://staging2.pmgatishakti.gov.in/PermissionPortal/images/Place.png': Cleared data types: "cache".
[INFO] https://staging2.pmgatishakti.gov.in/PermissionPortal/ - Clear-Site-Data header on 'https://staging2.pmgatishakti.gov.in/PermissionPortal/images/chittaurgarh.jpg': Cleared data types: "cache".
[INFO] https://staging2.pmgatishakti.gov.in/PermissionPortal/ - Clear-Site-Data header on 'https://staging2.pmgatishakti.gov.in/PermissionPortal/images/Temple.png': Cleared data types: "cache".
[INFO] https://staging2.pmgatishakti.gov.in/PermissionPortal/ - Clear-Site-Data header on 'https://staging2.pmgatishakti.gov.in/PermissionPortal/images/azadi_Amrit_Mahotsav_logo.png': Cleared data types: "cache".
[INFO] https://staging2.pmgatishakti.gov.in/PermissionPortal/ - Clear-Site-Data header on 'https://staging2.pmgatishakti.gov.in/PermissionPortal/images/call.png': Cleared data types: "cache".
[INFO] https://staging2.pmgatishakti.gov.in/PermissionPortal/ - Clear-Site-Data header on 'https://staging2.pmgatishakti.gov.in/PermissionPortal/images/slide/grid/grid-1.png': Cleared data types: "cache".
[INFO] https://staging2.pmgatishakti.gov.in/PermissionPortal/ - Clear-Site-Data header on 'https://staging2.pmgatishakti.gov.in/PermissionPortal/images/asilogo.png': Cleared data types: "cache".
[INFO] https://staging2.pmgatishakti.gov.in/PermissionPortal/ - Clear-Site-Data header on 'https://staging2.pmgatishakti.gov.in/PermissionPortal/images/bg-background.png': Cleared data types: "cache".
[INFO] https://staging2.pmgatishakti.gov.in/PermissionPortal/ - Clear-Site-Data header on 'https://staging2.pmgatishakti.gov.in/PermissionPortal/images/adopt_monument.jpeg': Cleared data types: "cache".
[INFO] https://staging2.pmgatishakti.gov.in/PermissionPortal/ - Clear-Site-Data header on 'https://staging2.pmgatishakti.gov.in/PermissionPortal/images/swachh.jpeg': Cleared data types: "cache".
[INFO] https://staging2.pmgatishakti.gov.in/PermissionPortal/ - Clear-Site-Data header on 'https://staging2.pmgatishakti.gov.in/PermissionPortal/images/heritage_walk.jpeg': Cleared data types: "cache".
[INFO] https://staging2.pmgatishakti.gov.in/PermissionPortal/ - Clear-Site-Data header on 'https://staging2.pmgatishakti.gov.in/PermissionPortal/images/azadi_Amit.jpeg': Cleared data types: "cache".
[INFO] https://staging2.pmgatishakti.gov.in/PermissionPortal/ - Clear-Site-Data header on 'https://staging2.pmgatishakti.gov.in/PermissionPortal/asset/admin/webfonts/fa-solid-900.woff2': Cleared data types: "cache".
[INFO] https://staging2.pmgatishakti.gov.in/PermissionPortal/ - Clear-Site-Data header on 'https://staging2.pmgatishakti.gov.in/PermissionPortal/asset/admin/webfonts/fa-brands-400.woff2': Cleared data types: "cache".
[INFO] https://staging2.pmgatishakti.gov.in/PermissionPortal/ - Clear-Site-Data header on 'https://staging2.pmgatishakti.gov.in/PermissionPortal/css/fonts/bootstrap-icons.woff2?2820a3852bdb9a5832199cc61cec4e65': Cleared data types: "cache".
[INFO] https://staging2.pmgatishakti.gov.in/PermissionPortal/ - Clear-Site-Data header on 'https://staging2.pmgatishakti.gov.in/PermissionPortal/css/Roboto/Roboto-Bold.ttf': Cleared data types: "cache".
[SEVERE] https://staging2.pmgatishakti.gov.in/PermissionPortal/assets/js/guideline.js 25:77 Uncaught SyntaxError: missing ) after argument list
[FINE] https://staging2.pmgatishakti.gov.in/PermissionPortal/ - [DOM] Input elements should have autocomplete attributes (suggested: "current-password"): (More info: https://goo.gl/9p2vKq) %o
[FINE] https://staging2.pmgatishakti.gov.in/PermissionPortal/ - [DOM] Input elements should have autocomplete attributes (suggested: "new-password"): (More info: https://goo.gl/9p2vKq) %o
[FINE] https://staging2.pmgatishakti.gov.in/PermissionPortal/ - [DOM] Input elements should have autocomplete attributes (suggested: "new-password"): (More info: https://goo.gl/9p2vKq) %o
[FINE] https://staging2.pmgatishakti.gov.in/PermissionPortal/ - [DOM] Input elements should have autocomplete attributes (suggested: "current-password"): (More info: https://goo.gl/9p2vKq) %o
[FINE] https://staging2.pmgatishakti.gov.in/PermissionPortal/ - [DOM] Multiple forms should be contained in their own form elements; break up complex forms into ones that represent a single action: (More info: https://goo.gl/9p2vKq) %o
[WARNING] https://staging2.pmgatishakti.gov.in/PermissionPortal/js/jquery-3.7.1.min.js 1:28647 "jQuery.Deferred exception: Cannot read properties of null (reading 'addEventListener')" "TypeError: Cannot read properties of null (reading 'addEventListener')\n    at HTMLDocument.\u003Canonymous> (https://staging2.pmgatishakti.gov.in/PermissionPortal/js/index.js:2405:38)\n    at e (https://staging2.pmgatishakti.gov.in/PermissionPortal/js/jquery-3.7.1.min.js:2:27028)\n    at t (https://staging2.pmgatishakti.gov.in/PermissionPortal/js/jquery-3.7.1.min.js:2:27330)" undefined
[SEVERE] https://staging2.pmgatishakti.gov.in/PermissionPortal/js/jquery-3.7.1.min.js 1:28759 Uncaught TypeError: Cannot read properties of null (reading 'addEventListener')
[INFO] https://staging2.pmgatishakti.gov.in/PermissionPortal/ - Clear-Site-Data header on 'https://staging2.pmgatishakti.gov.in/PermissionPortal/permission/public-key': Cleared data types: "cache".
[INFO] https://staging2.pmgatishakti.gov.in/PermissionPortal/ - Clear-Site-Data header on 'https://staging2.pmgatishakti.gov.in/PermissionPortal/permission/visitor-count': Cleared data types: "cache".
[INFO] https://staging2.pmgatishakti.gov.in/PermissionPortal/ - Clear-Site-Data header on 'https://staging2.pmgatishakti.gov.in/PermissionPortal/permission/getCaptcha': Cleared data types: "cache".
[SEVERE] https://staging2.pmgatishakti.gov.in/PermissionPortal/js/index.js 1036:15 Uncaught TypeError: Cannot set properties of null (setting 'src')
[INFO] https://staging2.pmgatishakti.gov.in/PermissionPortal/ - Clear-Site-Data header on 'https://staging2.pmgatishakti.gov.in/PermissionPortal/permission/getCaptcha': Cleared data types: "cache".
[INFO] https://staging2.pmgatishakti.gov.in/PermissionPortal/ - Clear-Site-Data header on 'https://staging2.pmgatishakti.gov.in/PermissionPortal/assets/images/ac-logo.png': Cleared data types: "cache".
[INFO] https://staging2.pmgatishakti.gov.in/PermissionPortal/ - Clear-Site-Data header on 'https://staging2.pmgatishakti.gov.in/PermissionPortal/permission/getCaptcha': Cleared data types: "cache".
[SEVERE] https://staging2.pmgatishakti.gov.in/PermissionPortal/js/index.js 1036:15 Uncaught TypeError: Cannot set properties of null (setting 'src')
[INFO] https://staging2.pmgatishakti.gov.in/PermissionPortal/ - Clear-Site-Data header on 'https://staging2.pmgatishakti.gov.in/PermissionPortal/permission/get-captcha': Cleared data types: "cache".
[INFO] https://staging2.pmgatishakti.gov.in/PermissionPortal/ - Clear-Site-Data header on 'https://staging2.pmgatishakti.gov.in/PermissionPortal/permission/verifyUsernameAndPassword?d=fXlKfZueSEgdu1Dlj6HFexrJFLGecy217X%2BMezqm2PCttF%2BnQzXwZQcy5nWMCshfytuvV%2FpCONoaeX1LVJw%2BENOTM0PRhKp2lBNV8fkbdiS5ws7ZKjEhdTOt7hHBG177oP0RUxOW4b78h1%2BF0afMwCB%2FCBBxGCLZqlET3SYA4li9lFj29ldBy38RKqnOAzp10%2BkaRa7nx1L3Vr7ZmX7y87ZyHR7FF7kvr34wxFMgm6Er%2Fpt%2Fiog8sFu606AcUHEnRswTYSizw6u3tI2Zq%2F%2F38vpAGmODXPpOjpNKMI2GVcMzVN7nCRpo98xh%2FeSpw%2B5DWkHNOt8RE3tJ1Bi7MbP%2BKfJ9Jzdz90DOFbZ0N93ovcnsv%2FVPKc%2BeNrvxFU18WI9LiSZ%2BNhQa%2FCuJzVtFANa1zOD9l5dufu1RqpGKfIhU7aPFVNjMpnp5onVho1Q0B3Mai7tWavBQh3VPKizxZZ8gfFD8Vo8LZJDAjFaJ01qPsb%2FL%2FpX3jdPs%2BX5Jahs71UyCPafdsJohuq9DN8ZL9E%2Ftrid3ieL5X3Yypslf%2Ffb3UImTqWcTLgBN1ICZxohCoqOhTqgRCM6vYof8y8XPE7i%2BUNFMILN2PQ3IVATayIZDaKvGgF6egInIvBhpYyHagk7CNIVS03yu6cRRaTaxslra2lfmB6JKVz%2BhsNNOaeiCCrc%3D': Cleared data types: "cache".
[INFO] https://staging2.pmgatishakti.gov.in/PermissionPortal/ - Clear-Site-Data header on 'https://staging2.pmgatishakti.gov.in/PermissionPortal/permission/LoginOtpVerification?d=E%2BCk5fAELL0vhh4xDPBHGOX72LdJdE2TePE%2BVDrq5tQf%2BghGGWw%2B3UoZwkuLu8dbzbxtcjPMw9tbts%2FwnoaAj7B60qDhcmqKSC1fO9yRTPaK35zGL4niu%2FudKBbx8Dk5rjADJB2wAYpe7AOmZjwcH%2FTQVq1zs6hWN5IztlCbw%2BkGR761lRhcKNgM6TXu1XxJ9WQZYKIRcF7VRH4A4RFy2qHBba6tZ1jFVUjAcOO%2BzZexF9Zu6onWMjd7KG%2B6qSCd9E6xEWmoyldp7W8cxjd91SMRs629aLsYDvmnqP96W5vGsHTByNaOMQWTFpBBPYFQ7XWxl9kD54N6juJfjGU0sRYbabLQy80%2Bh4f%2FZNkkW6Nln0SZWxsdN6%2FrUCp65NSjDjTOjOELaCsgeoF1BHDVjy7cTyTckN3fWG7D09Pa3dh3FPGRxwX1t57ePkPt%2BWeBPPRX1ERc2PaELbMVVoYelyf4J1aOllJTOQDR%2FWpGaPPmit8kfznqx4bL%2F%2BKEVhsKiAOwMmLYq7rZQWHQA%2B1Lxf21SUPdd25fo4zQ3l4jV0HMrN7gShWY1hBJO0pkFfMxt3qZKdJEFaXZ5jIoI2DrLJZk4Wr5NXPpYjwnrC85kX98VbylY%2Bc0ufB2IWOkiuJlAe10s30wS9kiVZc0IxO8iX7ASwZpI2drGvdcnQ%2BjUk4%3D': Cleared data types: "cache".
[SEVERE] https://staging2.pmgatishakti.gov.in/PermissionPortal/permission/LoginOtpVerification?d=E%2BCk5fAELL0vhh4xDPBHGOX72LdJdE2TePE%2BVDrq5tQf%2BghGGWw%2B3UoZwkuLu8dbzbxtcjPMw9tbts%2FwnoaAj7B60qDhcmqKSC1fO9yRTPaK35zGL4niu%2FudKBbx8Dk5rjADJB2wAYpe7AOmZjwcH%2FTQVq1zs6hWN5IztlCbw%2BkGR761lRhcKNgM6TXu1XxJ9WQZYKIRcF7VRH4A4RFy2qHBba6tZ1jFVUjAcOO%2BzZexF9Zu6onWMjd7KG%2B6qSCd9E6xEWmoyldp7W8cxjd91SMRs629aLsYDvmnqP96W5vGsHTByNaOMQWTFpBBPYFQ7XWxl9kD54N6juJfjGU0sRYbabLQy80%2Bh4f%2FZNkkW6Nln0SZWxsdN6%2FrUCp65NSjDjTOjOELaCsgeoF1BHDVjy7cTyTckN3fWG7D09Pa3dh3FPGRxwX1t57ePkPt%2BWeBPPRX1ERc2PaELbMVVoYelyf4J1aOllJTOQDR%2FWpGaPPmit8kfznqx4bL%2F%2BKEVhsKiAOwMmLYq7rZQWHQA%2B1Lxf21SUPdd25fo4zQ3l4jV0HMrN7gShWY1hBJO0pkFfMxt3qZKdJEFaXZ5jIoI2DrLJZk4Wr5NXPpYjwnrC85kX98VbylY%2Bc0ufB2IWOkiuJlAe10s30wS9kiVZc0IxO8iX7ASwZpI2drGvdcnQ%2BjUk4%3D - Failed to load resource: the server responded with a status of 400 ()
