[INFO] chrome://new-tab-page/ - Clear-Site-Data header on 'https://staging2.pmgatishakti.gov.in/PermissionPortal/': Cleared data types: "cache".
[WARNING] security - Error with Permissions-Policy header: Unrecognized feature: 'notifications'.
[INFO] https://staging2.pmgatishakti.gov.in/PermissionPortal/ - Clear-Site-Data header on 'https://staging2.pmgatishakti.gov.in/PermissionPortal/css/loader.css': Cleared data types: "cache".
[INFO] https://staging2.pmgatishakti.gov.in/PermissionPortal/ - Clear-Site-Data header on 'https://staging2.pmgatishakti.gov.in/PermissionPortal/asset/js/rev-slider/css/navigation.css': Cleared data types: "cache".
[INFO] https://staging2.pmgatishakti.gov.in/PermissionPortal/ - Clear-Site-Data header on 'https://staging2.pmgatishakti.gov.in/PermissionPortal/asset/js/rev-slider/css/layers.css': Cleared data types: "cache".
[INFO] https://staging2.pmgatishakti.gov.in/PermissionPortal/ - Clear-Site-Data header on 'https://staging2.pmgatishakti.gov.in/PermissionPortal/asset/js/rev-slider/css/settings.css': Cleared data types: "cache".
[INFO] https://staging2.pmgatishakti.gov.in/PermissionPortal/ - Clear-Site-Data header on 'https://staging2.pmgatishakti.gov.in/PermissionPortal/css/bootstrap5.3.min.css': Cleared data types: "cache".
[INFO] https://staging2.pmgatishakti.gov.in/PermissionPortal/ - Clear-Site-Data header on 'https://staging2.pmgatishakti.gov.in/PermissionPortal/css/all.min.css': Cleared data types: "cache".
[INFO] https://staging2.pmgatishakti.gov.in/PermissionPortal/ - Clear-Site-Data header on 'https://staging2.pmgatishakti.gov.in/PermissionPortal/asset/admin/css/all.min.css': Cleared data types: "cache".
[INFO] https://staging2.pmgatishakti.gov.in/PermissionPortal/ - Clear-Site-Data header on 'https://staging2.pmgatishakti.gov.in/PermissionPortal/css/styleindex.css': Cleared data types: "cache".
[INFO] https://staging2.pmgatishakti.gov.in/PermissionPortal/ - Clear-Site-Data header on 'https://staging2.pmgatishakti.gov.in/PermissionPortal/css/bootstrap-icons.min.css': Cleared data types: "cache".
[INFO] https://staging2.pmgatishakti.gov.in/PermissionPortal/ - Clear-Site-Data header on 'https://staging2.pmgatishakti.gov.in/PermissionPortal/assets/css/website_translation_utility.css': Cleared data types: "cache".
[INFO] https://staging2.pmgatishakti.gov.in/PermissionPortal/ - Clear-Site-Data header on 'https://staging2.pmgatishakti.gov.in/PermissionPortal/assets/images/indian-flag.png': Cleared data types: "cache".
[INFO] https://staging2.pmgatishakti.gov.in/PermissionPortal/ - Clear-Site-Data header on 'https://staging2.pmgatishakti.gov.in/PermissionPortal/css/fragmentsheader.css': Cleared data types: "cache".
[INFO] https://staging2.pmgatishakti.gov.in/PermissionPortal/ - Clear-Site-Data header on 'https://staging2.pmgatishakti.gov.in/PermissionPortal/assets/js/newhomepage.js': Cleared data types: "cache".
[INFO] https://staging2.pmgatishakti.gov.in/PermissionPortal/ - Clear-Site-Data header on 'https://staging2.pmgatishakti.gov.in/PermissionPortal/css/toastify.min.css': Cleared data types: "cache".
[INFO] https://staging2.pmgatishakti.gov.in/PermissionPortal/ - Clear-Site-Data header on 'https://staging2.pmgatishakti.gov.in/PermissionPortal/assets/css/homestyle.css': Cleared data types: "cache".
[INFO] https://staging2.pmgatishakti.gov.in/PermissionPortal/ - Clear-Site-Data header on 'https://staging2.pmgatishakti.gov.in/PermissionPortal/css/swiper.min.css': Cleared data types: "cache".
[INFO] https://staging2.pmgatishakti.gov.in/PermissionPortal/ - Clear-Site-Data header on 'https://staging2.pmgatishakti.gov.in/PermissionPortal/assets/css/fregment.css': Cleared data types: "cache".
[INFO] https://staging2.pmgatishakti.gov.in/PermissionPortal/ - Clear-Site-Data header on 'https://staging2.pmgatishakti.gov.in/PermissionPortal/assets/images/dark-mode.png': Cleared data types: "cache".
[SEVERE] https://staging2.pmgatishakti.gov.in/PermissionPortal/assets/js/newhomepage.js 19:26 Uncaught TypeError: Cannot read properties of null (reading 'innerHTML')
[INFO] https://staging2.pmgatishakti.gov.in/PermissionPortal/ - Clear-Site-Data header on 'https://staging2.pmgatishakti.gov.in/PermissionPortal/images/Ministry_of_Culture_India.png': Cleared data types: "cache".
[INFO] https://staging2.pmgatishakti.gov.in/PermissionPortal/ - Clear-Site-Data header on 'https://staging2.pmgatishakti.gov.in/PermissionPortal/assets/images/ASI_Logo.png': Cleared data types: "cache".
[INFO] https://staging2.pmgatishakti.gov.in/PermissionPortal/ - Clear-Site-Data header on 'https://staging2.pmgatishakti.gov.in/PermissionPortal/images/Tombs.png': Cleared data types: "cache".
[INFO] https://staging2.pmgatishakti.gov.in/PermissionPortal/ - Clear-Site-Data header on 'https://staging2.pmgatishakti.gov.in/PermissionPortal/images/Caves.png': Cleared data types: "cache".
[INFO] https://staging2.pmgatishakti.gov.in/PermissionPortal/ - Clear-Site-Data header on 'https://staging2.pmgatishakti.gov.in/PermissionPortal/images/Place.png': Cleared data types: "cache".
[INFO] https://staging2.pmgatishakti.gov.in/PermissionPortal/ - Clear-Site-Data header on 'https://staging2.pmgatishakti.gov.in/PermissionPortal/assets/js/guideline.js': Cleared data types: "cache".
[INFO] https://staging2.pmgatishakti.gov.in/PermissionPortal/ - Clear-Site-Data header on 'https://staging2.pmgatishakti.gov.in/PermissionPortal/js/slick.js': Cleared data types: "cache".
[INFO] https://staging2.pmgatishakti.gov.in/PermissionPortal/ - Clear-Site-Data header on 'https://staging2.pmgatishakti.gov.in/PermissionPortal/js/jquery-3.7.1.min.js': Cleared data types: "cache".
[INFO] https://staging2.pmgatishakti.gov.in/PermissionPortal/ - Clear-Site-Data header on 'https://staging2.pmgatishakti.gov.in/PermissionPortal/images/Qutub_Minar.jpg': Cleared data types: "cache".
[INFO] https://staging2.pmgatishakti.gov.in/PermissionPortal/ - Clear-Site-Data header on 'https://staging2.pmgatishakti.gov.in/PermissionPortal/images/user_reg.png': Cleared data types: "cache".
[INFO] https://staging2.pmgatishakti.gov.in/PermissionPortal/ - Clear-Site-Data header on 'https://staging2.pmgatishakti.gov.in/PermissionPortal/js/common/forge.min.js': Cleared data types: "cache".
[INFO] https://staging2.pmgatishakti.gov.in/PermissionPortal/ - Clear-Site-Data header on 'https://staging2.pmgatishakti.gov.in/PermissionPortal/asset/js/rev-slider/js/extensions/revolution.extension.navigation.min.js': Cleared data types: "cache".
[INFO] https://staging2.pmgatishakti.gov.in/PermissionPortal/ - Clear-Site-Data header on 'https://staging2.pmgatishakti.gov.in/PermissionPortal/images/RED_FORT_DELHI.jpg': Cleared data types: "cache".
[INFO] https://staging2.pmgatishakti.gov.in/PermissionPortal/ - Clear-Site-Data header on 'https://staging2.pmgatishakti.gov.in/PermissionPortal/images/amenities.png': Cleared data types: "cache".
[INFO] https://staging2.pmgatishakti.gov.in/PermissionPortal/ - Clear-Site-Data header on 'https://staging2.pmgatishakti.gov.in/PermissionPortal/asset/js/rev-slider/js/extensions/revolution.extension.video.min.js': Cleared data types: "cache".
[INFO] https://staging2.pmgatishakti.gov.in/PermissionPortal/ - Clear-Site-Data header on 'https://staging2.pmgatishakti.gov.in/PermissionPortal/images/slide/grid/grid-3.png': Cleared data types: "cache".
[INFO] https://staging2.pmgatishakti.gov.in/PermissionPortal/ - Clear-Site-Data header on 'https://staging2.pmgatishakti.gov.in/PermissionPortal/images/Taj_Mahal.jpg': Cleared data types: "cache".
[INFO] https://staging2.pmgatishakti.gov.in/PermissionPortal/ - Clear-Site-Data header on 'https://staging2.pmgatishakti.gov.in/PermissionPortal/js/fragmentsheader.js': Cleared data types: "cache".
[INFO] https://staging2.pmgatishakti.gov.in/PermissionPortal/ - Clear-Site-Data header on 'https://staging2.pmgatishakti.gov.in/PermissionPortal/images/Ellora_Caves.jpg': Cleared data types: "cache".
[INFO] https://staging2.pmgatishakti.gov.in/PermissionPortal/ - Clear-Site-Data header on 'https://staging2.pmgatishakti.gov.in/PermissionPortal/images/slide/grid/grid-1.png': Cleared data types: "cache".
[INFO] https://staging2.pmgatishakti.gov.in/PermissionPortal/ - Clear-Site-Data header on 'https://staging2.pmgatishakti.gov.in/PermissionPortal/images/humayun-tomb.jpg': Cleared data types: "cache".
[INFO] https://staging2.pmgatishakti.gov.in/PermissionPortal/ - Clear-Site-Data header on 'https://staging2.pmgatishakti.gov.in/PermissionPortal/images/azadi_Amrit_Mahotsav_logo.png': Cleared data types: "cache".
[INFO] https://staging2.pmgatishakti.gov.in/PermissionPortal/ - Clear-Site-Data header on 'https://staging2.pmgatishakti.gov.in/PermissionPortal/images/calendar.png': Cleared data types: "cache".
[INFO] https://staging2.pmgatishakti.gov.in/PermissionPortal/ - Clear-Site-Data header on 'https://staging2.pmgatishakti.gov.in/PermissionPortal/asset/js/rev-slider/js/extensions/revolution.extension.slideanims.min.js': Cleared data types: "cache".
[INFO] https://staging2.pmgatishakti.gov.in/PermissionPortal/ - Clear-Site-Data header on 'https://staging2.pmgatishakti.gov.in/PermissionPortal/images/other.png': Cleared data types: "cache".
[INFO] https://staging2.pmgatishakti.gov.in/PermissionPortal/ - Clear-Site-Data header on 'https://staging2.pmgatishakti.gov.in/PermissionPortal/asset/js/rev-slider/js/extensions/revolution.extension.parallax.min.js': Cleared data types: "cache".
[INFO] https://staging2.pmgatishakti.gov.in/PermissionPortal/ - Clear-Site-Data header on 'https://staging2.pmgatishakti.gov.in/PermissionPortal/images/slide/grid/grid-9.png': Cleared data types: "cache".
[INFO] https://staging2.pmgatishakti.gov.in/PermissionPortal/ - Clear-Site-Data header on 'https://staging2.pmgatishakti.gov.in/PermissionPortal/images/pay-per-click.png': Cleared data types: "cache".
[INFO] https://staging2.pmgatishakti.gov.in/PermissionPortal/ - Clear-Site-Data header on 'https://staging2.pmgatishakti.gov.in/PermissionPortal/images/slide/grid/grid-2.jpeg': Cleared data types: "cache".
[INFO] https://staging2.pmgatishakti.gov.in/PermissionPortal/ - Clear-Site-Data header on 'https://staging2.pmgatishakti.gov.in/PermissionPortal/images/Agra_Fort.jpg': Cleared data types: "cache".
[INFO] https://staging2.pmgatishakti.gov.in/PermissionPortal/ - Clear-Site-Data header on 'https://staging2.pmgatishakti.gov.in/PermissionPortal/images/Udaigiri_Caves.jpg': Cleared data types: "cache".
[INFO] https://staging2.pmgatishakti.gov.in/PermissionPortal/ - Clear-Site-Data header on 'https://staging2.pmgatishakti.gov.in/PermissionPortal/js/common/adminhelper.js': Cleared data types: "cache".
[INFO] https://staging2.pmgatishakti.gov.in/PermissionPortal/ - Clear-Site-Data header on 'https://staging2.pmgatishakti.gov.in/PermissionPortal/js/common/hybridencryption.js': Cleared data types: "cache".
[INFO] https://staging2.pmgatishakti.gov.in/PermissionPortal/ - Clear-Site-Data header on 'https://staging2.pmgatishakti.gov.in/PermissionPortal/assets/js/website_translation_utility.js': Cleared data types: "cache".
[INFO] https://staging2.pmgatishakti.gov.in/PermissionPortal/ - Clear-Site-Data header on 'https://staging2.pmgatishakti.gov.in/PermissionPortal/js/common/cryptoJS.js': Cleared data types: "cache".
[INFO] https://staging2.pmgatishakti.gov.in/PermissionPortal/ - Clear-Site-Data header on 'https://staging2.pmgatishakti.gov.in/PermissionPortal/images/Temple.png': Cleared data types: "cache".
[INFO] https://staging2.pmgatishakti.gov.in/PermissionPortal/ - Clear-Site-Data header on 'https://staging2.pmgatishakti.gov.in/PermissionPortal/images/dslr-camera.png': Cleared data types: "cache".
[INFO] https://staging2.pmgatishakti.gov.in/PermissionPortal/ - Clear-Site-Data header on 'https://staging2.pmgatishakti.gov.in/PermissionPortal/images/asilogo.png': Cleared data types: "cache".
[INFO] https://staging2.pmgatishakti.gov.in/PermissionPortal/ - Clear-Site-Data header on 'https://staging2.pmgatishakti.gov.in/PermissionPortal/images/slide/grid/grid-6.png': Cleared data types: "cache".
[INFO] https://staging2.pmgatishakti.gov.in/PermissionPortal/ - Clear-Site-Data header on 'https://staging2.pmgatishakti.gov.in/PermissionPortal/images/search-data.png': Cleared data types: "cache".
[INFO] https://staging2.pmgatishakti.gov.in/PermissionPortal/ - Clear-Site-Data header on 'https://staging2.pmgatishakti.gov.in/PermissionPortal/asset/js/rev-slider/js/jquery.themepunch.tools.min.js': Cleared data types: "cache".
[INFO] https://staging2.pmgatishakti.gov.in/PermissionPortal/ - Clear-Site-Data header on 'https://staging2.pmgatishakti.gov.in/PermissionPortal/images/Mosque.png': Cleared data types: "cache".
[INFO] https://staging2.pmgatishakti.gov.in/PermissionPortal/ - Clear-Site-Data header on 'https://staging2.pmgatishakti.gov.in/PermissionPortal/js/swiper.min.js': Cleared data types: "cache".
[INFO] https://staging2.pmgatishakti.gov.in/PermissionPortal/ - Clear-Site-Data header on 'https://staging2.pmgatishakti.gov.in/PermissionPortal/images/chittaurgarh.jpg': Cleared data types: "cache".
[INFO] https://staging2.pmgatishakti.gov.in/PermissionPortal/ - Clear-Site-Data header on 'https://staging2.pmgatishakti.gov.in/PermissionPortal/asset/js/rev-slider/js/extensions/revolution.extension.kenburn.min.js': Cleared data types: "cache".
[INFO] https://staging2.pmgatishakti.gov.in/PermissionPortal/ - Clear-Site-Data header on 'https://staging2.pmgatishakti.gov.in/PermissionPortal/images/call.png': Cleared data types: "cache".
[INFO] https://staging2.pmgatishakti.gov.in/PermissionPortal/ - Clear-Site-Data header on 'https://staging2.pmgatishakti.gov.in/PermissionPortal/images/exam.png': Cleared data types: "cache".
[INFO] https://staging2.pmgatishakti.gov.in/PermissionPortal/ - Clear-Site-Data header on 'https://staging2.pmgatishakti.gov.in/PermissionPortal/asset/js/rev-slider/js/extensions/revolution.extension.actions.min.js': Cleared data types: "cache".
[INFO] https://staging2.pmgatishakti.gov.in/PermissionPortal/ - Clear-Site-Data header on 'https://staging2.pmgatishakti.gov.in/PermissionPortal/images/SVG-clip.png': Cleared data types: "cache".
[INFO] https://staging2.pmgatishakti.gov.in/PermissionPortal/ - Clear-Site-Data header on 'https://staging2.pmgatishakti.gov.in/PermissionPortal/js/common/AesUtil.js': Cleared data types: "cache".
[INFO] https://staging2.pmgatishakti.gov.in/PermissionPortal/ - Clear-Site-Data header on 'https://staging2.pmgatishakti.gov.in/PermissionPortal/css/styleindex.css': Cleared data types: "cache".
[INFO] https://staging2.pmgatishakti.gov.in/PermissionPortal/ - Clear-Site-Data header on 'https://staging2.pmgatishakti.gov.in/PermissionPortal/js/index.js': Cleared data types: "cache".
[INFO] https://staging2.pmgatishakti.gov.in/PermissionPortal/ - Clear-Site-Data header on 'https://staging2.pmgatishakti.gov.in/PermissionPortal/images/Sun_Temple_Konark.jpg': Cleared data types: "cache".
[INFO] https://staging2.pmgatishakti.gov.in/PermissionPortal/ - Clear-Site-Data header on 'https://staging2.pmgatishakti.gov.in/PermissionPortal/images/slide/grid/grid-8.png': Cleared data types: "cache".
[INFO] https://staging2.pmgatishakti.gov.in/PermissionPortal/ - Clear-Site-Data header on 'https://staging2.pmgatishakti.gov.in/PermissionPortal/images/golcondafort.jpg': Cleared data types: "cache".
[INFO] https://staging2.pmgatishakti.gov.in/PermissionPortal/ - Clear-Site-Data header on 'https://staging2.pmgatishakti.gov.in/PermissionPortal/asset/js/rev-slider.js': Cleared data types: "cache".
[INFO] https://staging2.pmgatishakti.gov.in/PermissionPortal/ - Clear-Site-Data header on 'https://staging2.pmgatishakti.gov.in/PermissionPortal/js/jquery.com.jquery.3.7.1.min.js': Cleared data types: "cache".
[INFO] https://staging2.pmgatishakti.gov.in/PermissionPortal/ - Clear-Site-Data header on 'https://staging2.pmgatishakti.gov.in/PermissionPortal/images/approved.png': Cleared data types: "cache".
[INFO] https://staging2.pmgatishakti.gov.in/PermissionPortal/ - Clear-Site-Data header on 'https://staging2.pmgatishakti.gov.in/PermissionPortal/images/Fort.png': Cleared data types: "cache".
[INFO] https://staging2.pmgatishakti.gov.in/PermissionPortal/ - Clear-Site-Data header on 'https://staging2.pmgatishakti.gov.in/PermissionPortal/images/slide/grid/grid-5.png': Cleared data types: "cache".
[INFO] https://staging2.pmgatishakti.gov.in/PermissionPortal/ - Clear-Site-Data header on 'https://staging2.pmgatishakti.gov.in/PermissionPortal/images/slide/grid/grid-4.png': Cleared data types: "cache".
[INFO] https://staging2.pmgatishakti.gov.in/PermissionPortal/ - Clear-Site-Data header on 'https://staging2.pmgatishakti.gov.in/PermissionPortal/asset/js/rev-slider/js/extensions/revolution.extension.migration.min.js': Cleared data types: "cache".
[INFO] https://staging2.pmgatishakti.gov.in/PermissionPortal/ - Clear-Site-Data header on 'https://staging2.pmgatishakti.gov.in/PermissionPortal/asset/js/rev-slider/js/jquery.themepunch.revolution.min.js': Cleared data types: "cache".
[INFO] https://staging2.pmgatishakti.gov.in/PermissionPortal/ - Clear-Site-Data header on 'https://staging2.pmgatishakti.gov.in/PermissionPortal/js/toastify-js.js': Cleared data types: "cache".
[INFO] https://staging2.pmgatishakti.gov.in/PermissionPortal/ - Clear-Site-Data header on 'https://staging2.pmgatishakti.gov.in/PermissionPortal/asset/js/rev-slider/js/extensions/revolution.extension.layeranimation.min.js': Cleared data types: "cache".
[INFO] https://staging2.pmgatishakti.gov.in/PermissionPortal/ 1300 Clear-Site-Data header on 'https://staging2.pmgatishakti.gov.in/PermissionPortal/js/bootstrap.bundle.min.js': Cleared data types: "cache".
[INFO] https://staging2.pmgatishakti.gov.in/PermissionPortal/ - Clear-Site-Data header on 'https://staging2.pmgatishakti.gov.in/PermissionPortal/js/csrfToken.js': Cleared data types: "cache".
